
> vite_react_shadcn_ts@0.0.0 build
> vite build

[36mvite v5.4.21 [32mbuilding for production...[36m[39m
transforming...
node.exe : Browserslist: browsers data (caniuse-lite) is 12 months old. Please 
run:
At line:1 char:1
+ & "C:\Program Files\nodejs/node.exe" "C:\Program Files\nodejs/node_mo ...
+ ~~~~~~~~~~~~~~~~~~~~~~~~~~~~~~~~~~~~~~~~~~~~~~~~~~~~~~~~~~~~~~~~~~~~~
    + CategoryInfo          : NotSpecified: (Browserslist: b...ld. Please run: 
   :String) [], RemoteException
    + FullyQualifiedErrorId : NativeCommandError
 
  npx update-browserslist-db@latest
  Why you should do it regularly: 
https://github.com/browserslist/update-db#readme
[32mΓ£ô[39m 4120 modules transformed.
rendering chunks...
computing gzip size...
[2mdist/[22m[32mindex.html                                     [39m[1m[2m   14.83 kB[22m[1m[22m[2m Γöé gzip:   4.02 kB[22m
[2mdist/[22m[32massets/daily-aarti-BqXFUVGr.jpg                [39m[1m[2m   48.57 kB[22m[1m[22m
[2mdist/[22m[32massets/mrityunjaya-jaap-TxwZ0Kf3.jpg           [39m[1m[2m   52.15 kB[22m[1m[22m
[2mdist/[22m[32massets/shiv-chalisa-CLPzgM1F.jpg               [39m[1m[2m   58.31 kB[22m[1m[22m
[2mdist/[22m[32massets/shravan-somvar-DCAjEnuo.jpg             [39m[1m[2m   62.82 kB[22m[1m[22m
[2mdist/[22m[32massets/maha-shivaratri-B6pNggAe.jpg            [39m[1m[2m   66.10 kB[22m[1m[22m
[2mdist/[22m[32massets/bilvarchan-u7G8_ddA.jpg                 [39m[1m[2m   67.15 kB[22m[1m[22m
[2mdist/[22m[32massets/rudrabhishek-x5K3eyLW.jpg               [39m[1m[2m   71.05 kB[22m[1m[22m
[2mdist/[22m[32massets/laghu-rudra-C-iCt0s5.jpg                [39m[1m[2m   76.79 kB[22m[1m[22m
[2mdist/[22m[32massets/shivling-mala-DSgRoqfv.jpg              [39m[1m[2m  171.12 kB[22m[1m[22m
[2mdist/[22m[32massets/shivling-flowers-3-Ck96zF-u.jpg         [39m[1m[2m  182.14 kB[22m[1m[22m
[2mdist/[22m[32massets/sanctum-overview-DxRJCbli.jpg           [39m[1m[2m  219.20 kB[22m[1m[22m
[2mdist/[22m[32massets/shivling-shringar-2-DbaTILB1.jpg        [39m[1m[2m  943.81 kB[22m[1m[22m
[2mdist/[22m[32massets/devotees-prayer-v9Xkz3Dx.jpg            [39m[1m[2m  949.05 kB[22m[1m[22m
[2mdist/[22m[32massets/shivling-shringar-1-aUiVZavt.jpg        [39m[1m[2m  967.72 kB[22m[1m[22m
[2mdist/[22m[32massets/shivling-garland-DLSayua7.jpg           [39m[1m[2m  972.37 kB[22m[1m[22m
[2mdist/[22m[32massets/shivling-chandan-XC62G0DZ.jpg           [39m[1m[2m1,072.87 kB[22m[1m[22m
[2mdist/[22m[35massets/index-odmSxnBL.css                      [39m[1m[2m  110.80 kB[22m[1m[22m[2m Γöé gzip:  18.17 kB[22m
[2mdist/[22m[36massets/index-BdQq_4o_.js                       [39m[1m[2m    0.06 kB[22m[1m[22m[2m Γöé gzip:   0.08 kB[22m
[2mdist/[22m[36massets/differenceInCalendarMonths-C0aVbUfW.js  [39m[1m[2m    0.17 kB[22m[1m[22m[2m Γöé gzip:   0.15 kB[22m
[2mdist/[22m[36massets/endOfMonth-8jBucXtw.js                  [39m[1m[2m    0.17 kB[22m[1m[22m[2m Γöé gzip:   0.16 kB[22m
[2mdist/[22m[36massets/skeleton-B-p-I2Rr.js                    [39m[1m[2m    0.17 kB[22m[1m[22m[2m Γöé gzip:   0.16 kB[22m
[2mdist/[22m[36massets/index-wJnrzMdI.js                       [39m[1m[2m    0.23 kB[22m[1m[22m[2m Γöé gzip:   0.17 kB[22m
[2mdist/[22m[36massets/chevron-down-nvfBayMF.js                [39m[1m[2m    0.30 kB[22m[1m[22m[2m Γöé gzip:   0.24 kB[22m
[2mdist/[22m[36massets/chevron-up-e2pMhjSg.js                  [39m[1m[2m    0.30 kB[22m[1m[22m[2m Γöé gzip:   0.25 kB[22m
[2mdist/[22m[36massets/navigation-B8OajKvm.js                  [39m[1m[2m    0.32 kB[22m[1m[22m[2m Γöé gzip:   0.26 kB[22m
[2mdist/[22m[36massets/plus-DDhDhWTo.js                        [39m[1m[2m    0.32 kB[22m[1m[22m[2m Γöé gzip:   0.25 kB[22m
[2mdist/[22m[36massets/arrow-left-BRwp42LQ.js                  [39m[1m[2m    0.33 kB[22m[1m[22m[2m Γöé gzip:   0.27 kB[22m
[2mdist/[22m[36massets/search-C_iK29h8.js                      [39m[1m[2m    0.34 kB[22m[1m[22m[2m Γöé gzip:   0.27 kB[22m
[2mdist/[22m[36massets/exportCsv-20VtRolK.js                   [39m[1m[2m    0.35 kB[22m[1m[22m[2m Γöé gzip:   0.26 kB[22m
[2mdist/[22m[36massets/smartphone-BQgDhKnl.js                  [39m[1m[2m    0.37 kB[22m[1m[22m[2m Γöé gzip:   0.29 kB[22m
[2mdist/[22m[36massets/trending-up-BcyvYGpL.js                 [39m[1m[2m    0.37 kB[22m[1m[22m[2m Γöé gzip:   0.28 kB[22m
[2mdist/[22m[36massets/lock-DoYVmRCC.js                        [39m[1m[2m    0.38 kB[22m[1m[22m[2m Γöé gzip:   0.30 kB[22m
[2mdist/[22m[36massets/credit-card--LcIWVQL.js                 [39m[1m[2m    0.38 kB[22m[1m[22m[2m Γöé gzip:   0.29 kB[22m
[2mdist/[22m[36massets/bell-sr_ohoZV.js                        [39m[1m[2m    0.38 kB[22m[1m[22m[2m Γöé gzip:   0.29 kB[22m
[2mdist/[22m[36massets/mail-DrMe3a__.js                        [39m[1m[2m    0.38 kB[22m[1m[22m[2m Γöé gzip:   0.30 kB[22m
[2mdist/[22m[36massets/pen-D3nscNzH.js                         [39m[1m[2m    0.40 kB[22m[1m[22m[2m Γöé gzip:   0.31 kB[22m
[2mdist/[22m[36massets/circle-help-CKpSNlla.js                 [39m[1m[2m    0.41 kB[22m[1m[22m[2m Γöé gzip:   0.30 kB[22m
[2mdist/[22m[36massets/circle-alert-DSZPc2QG.js                [39m[1m[2m    0.42 kB[22m[1m[22m[2m Γöé gzip:   0.29 kB[22m
[2mdist/[22m[36massets/chart-column-Ggxe89wN.js                [39m[1m[2m    0.42 kB[22m[1m[22m[2m Γöé gzip:   0.30 kB[22m
[2mdist/[22m[36massets/share-BMDGGt6T.js                       [39m[1m[2m    0.43 kB[22m[1m[22m[2m Γöé gzip:   0.31 kB[22m
[2mdist/[22m[36massets/upload-CyVReCYZ.js                      [39m[1m[2m    0.43 kB[22m[1m[22m[2m Γöé gzip:   0.32 kB[22m
[2mdist/[22m[36massets/download-D2n4u0oo.js                    [39m[1m[2m    0.43 kB[22m[1m[22m[2m Γöé gzip:   0.32 kB[22m
[2mdist/[22m[36massets/triangle-alert-ZebW0B0t.js              [39m[1m[2m    0.43 kB[22m[1m[22m[2m Γöé gzip:   0.31 kB[22m
[2mdist/[22m[36massets/shield-DzvuXRgG.js                      [39m[1m[2m    0.44 kB[22m[1m[22m[2m Γöé gzip:   0.33 kB[22m
[2mdist/[22m[36massets/pencil-BORkNxQL.js                      [39m[1m[2m    0.45 kB[22m[1m[22m[2m Γöé gzip:   0.33 kB[22m
[2mdist/[22m[36massets/pen-line-Cg67gpld.js                    [39m[1m[2m    0.45 kB[22m[1m[22m[2m Γöé gzip:   0.33 kB[22m
[2mdist/[22m[36massets/indian-rupee-SYn921O0.js                [39m[1m[2m    0.46 kB[22m[1m[22m[2m Γöé gzip:   0.31 kB[22m
[2mdist/[22m[36massets/users-C4OpcltF.js                       [39m[1m[2m    0.47 kB[22m[1m[22m[2m Γöé gzip:   0.33 kB[22m
[2mdist/[22m[36massets/user-plus-DlukdDsN.js                   [39m[1m[2m    0.48 kB[22m[1m[22m[2m Γöé gzip:   0.34 kB[22m
[2mdist/[22m[36massets/textarea-BVzz5cGk.js                    [39m[1m[2m    0.48 kB[22m[1m[22m[2m Γöé gzip:   0.32 kB[22m
[2mdist/[22m[36massets/refresh-cw-BU-yCfK1.js                  [39m[1m[2m    0.49 kB[22m[1m[22m[2m Γöé gzip:   0.33 kB[22m
[2mdist/[22m[36massets/subDays-b_V5Ou2X.js                     [39m[1m[2m    0.50 kB[22m[1m[22m[2m Γöé gzip:   0.29 kB[22m
[2mdist/[22m[36massets/share-2-D20qEf_e.js                     [39m[1m[2m    0.53 kB[22m[1m[22m[2m Γöé gzip:   0.34 kB[22m
[2mdist/[22m[36massets/trash-2-8MDiek_7.js                     [39m[1m[2m    0.53 kB[22m[1m[22m[2m Γöé gzip:   0.35 kB[22m
[2mdist/[22m[36massets/crown-BVVE7nGS.js                       [39m[1m[2m    0.53 kB[22m[1m[22m[2m Γöé gzip:   0.36 kB[22m
[2mdist/[22m[36massets/FloatingLanguageButton-vl87jS1y.js      [39m[1m[2m    0.54 kB[22m[1m[22m[2m Γöé gzip:   0.42 kB[22m
[2mdist/[22m[36massets/calendar-clock-CkhgBxAb.js              [39m[1m[2m    0.55 kB[22m[1m[22m[2m Γöé gzip:   0.36 kB[22m
[2mdist/[22m[36massets/package-42-U8lFl.js                     [39m[1m[2m    0.56 kB[22m[1m[22m[2m Γöé gzip:   0.36 kB[22m
[2mdist/[22m[36massets/label-BqYS_re2.js                       [39m[1m[2m    0.56 kB[22m[1m[22m[2m Γöé gzip:   0.38 kB[22m
[2mdist/[22m[36massets/input-Ce5K61Kd.js                       [39m[1m[2m    0.58 kB[22m[1m[22m[2m Γöé gzip:   0.36 kB[22m
[2mdist/[22m[36massets/eye-off-5FHKc70M.js                     [39m[1m[2m    0.60 kB[22m[1m[22m[2m Γöé gzip:   0.38 kB[22m
[2mdist/[22m[36massets/separator-CYHDAqxq.js                   [39m[1m[2m    0.67 kB[22m[1m[22m[2m Γöé gzip:   0.40 kB[22m
[2mdist/[22m[36massets/wifi-1WQC6VjT.js                        [39m[1m[2m    1.03 kB[22m[1m[22m[2m Γöé gzip:   0.42 kB[22m
[2mdist/[22m[36massets/StickyNoticeBanner-BpbmAKY6.js          [39m[1m[2m    1.34 kB[22m[1m[22m[2m Γöé gzip:   0.74 kB[22m
[2mdist/[22m[36massets/table-DGDKkIVD.js                       [39m[1m[2m    1.49 kB[22m[1m[22m[2m Γöé gzip:   0.52 kB[22m
[2mdist/[22m[36massets/useAartiNotificationPrefs-R053P0PM.js   [39m[1m[2m    1.54 kB[22m[1m[22m[2m Γöé gzip:   0.79 kB[22m
[2mdist/[22m[36massets/PageHeroBanner-xHL2sLQm.js              [39m[1m[2m    1.65 kB[22m[1m[22m[2m Γöé gzip:   0.70 kB[22m
[2mdist/[22m[36massets/NotFound-DQNf8gzy.js                    [39m[1m[2m    1.76 kB[22m[1m[22m[2m Γöé gzip:   0.82 kB[22m
[2mdist/[22m[36massets/generateReceipt-BuE8Zl0S.js             [39m[1m[2m    1.79 kB[22m[1m[22m[2m Γöé gzip:   0.78 kB[22m
[2mdist/[22m[36massets/PriestNotices-BxrhuygB.js               [39m[1m[2m    1.80 kB[22m[1m[22m[2m Γöé gzip:   0.79 kB[22m
[2mdist/[22m[36massets/dialog-DpWsZPvg.js                      [39m[1m[2m    2.14 kB[22m[1m[22m[2m Γöé gzip:   0.84 kB[22m
[2mdist/[22m[36massets/donationSettings-CqTTkOBs.js            [39m[1m[2m    2.48 kB[22m[1m[22m[2m Γöé gzip:   0.73 kB[22m
[2mdist/[22m[36massets/switch-CvWLyhgC.js                      [39m[1m[2m    2.48 kB[22m[1m[22m[2m Γöé gzip:   1.25 kB[22m
[2mdist/[22m[36massets/formatDistanceToNow-DWRKxOnv.js         [39m[1m[2m    2.57 kB[22m[1m[22m[2m Γöé gzip:   1.15 kB[22m
[2mdist/[22m[36massets/PriestProfile-D3KK6Us6.js               [39m[1m[2m    2.67 kB[22m[1m[22m[2m Γöé gzip:   1.13 kB[22m
[2mdist/[22m[36massets/UserFavorites-BEuAnog3.js               [39m[1m[2m    2.67 kB[22m[1m[22m[2m Γöé gzip:   1.13 kB[22m
[2mdist/[22m[36massets/PWAInstallBanner-CbcEXqTX.js            [39m[1m[2m    3.02 kB[22m[1m[22m[2m Γöé gzip:   1.27 kB[22m
[2mdist/[22m[36massets/tabs-DcLfQbAs.js                        [39m[1m[2m    3.20 kB[22m[1m[22m[2m Γöé gzip:   1.35 kB[22m
[2mdist/[22m[36massets/useBiometricAuth-J6Wr4u8T.js            [39m[1m[2m    3.22 kB[22m[1m[22m[2m Γöé gzip:   1.51 kB[22m
[2mdist/[22m[36massets/PriestLayout-d5DKe73C.js                [39m[1m[2m    3.67 kB[22m[1m[22m[2m Γöé gzip:   1.48 kB[22m
[2mdist/[22m[36massets/AartiReminderBanner-OI4MUKxk.js         [39m[1m[2m    4.24 kB[22m[1m[22m[2m Γöé gzip:   1.88 kB[22m
[2mdist/[22m[36massets/UserLayout-CS84fIh0.js                  [39m[1m[2m    4.59 kB[22m[1m[22m[2m Γöé gzip:   1.66 kB[22m
[2mdist/[22m[36massets/alert-dialog-dRP4VmPm.js                [39m[1m[2m    4.74 kB[22m[1m[22m[2m Γöé gzip:   1.73 kB[22m
[2mdist/[22m[36massets/DarshanScheduleManager-fqRj8gD1.js      [39m[1m[2m    4.81 kB[22m[1m[22m[2m Γöé gzip:   1.86 kB[22m
[2mdist/[22m[36massets/RefundPolicy--rHZgkRB.js                [39m[1m[2m    4.87 kB[22m[1m[22m[2m Γöé gzip:   2.06 kB[22m
[2mdist/[22m[36massets/PrivacyPolicy-Dx4lhP-f.js               [39m[1m[2m    5.19 kB[22m[1m[22m[2m Γöé gzip:   2.23 kB[22m
[2mdist/[22m[36massets/UserProfile-CZZwLkvT.js                 [39m[1m[2m    5.21 kB[22m[1m[22m[2m Γöé gzip:   1.84 kB[22m
[2mdist/[22m[36massets/BlogPage-CLaypfh6.js                    [39m[1m[2m    5.45 kB[22m[1m[22m[2m Γöé gzip:   2.04 kB[22m
[2mdist/[22m[36massets/ResetPassword-CwH2Gvv2.js               [39m[1m[2m    5.56 kB[22m[1m[22m[2m Γöé gzip:   1.96 kB[22m
[2mdist/[22m[36massets/NoticeBoard-BMCta3gd.js                 [39m[1m[2m    5.69 kB[22m[1m[22m[2m Γöé gzip:   2.09 kB[22m
[2mdist/[22m[36massets/AdminEvents-BKk7jR8D.js                 [39m[1m[2m    5.71 kB[22m[1m[22m[2m Γöé gzip:   1.97 kB[22m
[2mdist/[22m[36massets/UserDonations-BJz1l8zS.js               [39m[1m[2m    5.74 kB[22m[1m[22m[2m Γöé gzip:   1.82 kB[22m
[2mdist/[22m[36massets/SecuritySettingsCard-6fi4ym_3.js        [39m[1m[2m    5.94 kB[22m[1m[22m[2m Γöé gzip:   2.15 kB[22m
[2mdist/[22m[36massets/DarshanTimingsPage-C3Ogac19.js          [39m[1m[2m    6.16 kB[22m[1m[22m[2m Γöé gzip:   2.36 kB[22m
[2mdist/[22m[36massets/AdminNotices-8eyFkzXb.js                [39m[1m[2m    6.16 kB[22m[1m[22m[2m Γöé gzip:   2.11 kB[22m
[2mdist/[22m[36massets/SocialPostsPage-YKbEA6Ed.js             [39m[1m[2m    6.27 kB[22m[1m[22m[2m Γöé gzip:   2.01 kB[22m
[2mdist/[22m[36massets/TermsAndConditions-BLCjXSzE.js          [39m[1m[2m    6.37 kB[22m[1m[22m[2m Γöé gzip:   2.58 kB[22m
[2mdist/[22m[36massets/KnowledgeHubPage-BkL2DUGe.js            [39m[1m[2m    6.51 kB[22m[1m[22m[2m Γöé gzip:   2.50 kB[22m
[2mdist/[22m[36massets/AdminGallery-BMWdfW_F.js                [39m[1m[2m    6.72 kB[22m[1m[22m[2m Γöé gzip:   2.64 kB[22m
[2mdist/[22m[36massets/AdminDonations-eMG0BO00.js              [39m[1m[2m    6.86 kB[22m[1m[22m[2m Γöé gzip:   2.37 kB[22m
[2mdist/[22m[36massets/AdminKnowledgeHubPage-CdFAF1RD.js       [39m[1m[2m    6.87 kB[22m[1m[22m[2m Γöé gzip:   2.27 kB[22m
[2mdist/[22m[36massets/PriestDashboard-kMmeaUIg.js             [39m[1m[2m    7.01 kB[22m[1m[22m[2m Γöé gzip:   2.43 kB[22m
[2mdist/[22m[36massets/Install-DsVO1O0A.js                     [39m[1m[2m    7.06 kB[22m[1m[22m[2m Γöé gzip:   2.17 kB[22m
[2mdist/[22m[36massets/AdminDarshanSchedule-DoloXb6M.js        [39m[1m[2m    7.61 kB[22m[1m[22m[2m Γöé gzip:   2.68 kB[22m
[2mdist/[22m[36massets/en-US-DWrl2lTx.js                       [39m[1m[2m    7.70 kB[22m[1m[22m[2m Γöé gzip:   2.69 kB[22m
[2mdist/[22m[36massets/AdminProfile-CO7lPKs6.js                [39m[1m[2m    7.93 kB[22m[1m[22m[2m Γöé gzip:   2.48 kB[22m
[2mdist/[22m[36massets/AdminBlogsPage-uvas93aW.js              [39m[1m[2m    8.02 kB[22m[1m[22m[2m Γöé gzip:   2.59 kB[22m
[2mdist/[22m[36massets/AdminPriests-SUoJ4xLS.js                [39m[1m[2m    8.24 kB[22m[1m[22m[2m Γöé gzip:   2.83 kB[22m
[2mdist/[22m[36massets/AdminLayout-t0AyIQGv.js                 [39m[1m[2m    8.31 kB[22m[1m[22m[2m Γöé gzip:   2.85 kB[22m
[2mdist/[22m[36massets/AdminPujas-DbyIzQm3.js                  [39m[1m[2m    8.32 kB[22m[1m[22m[2m Γöé gzip:   2.73 kB[22m
[2mdist/[22m[36massets/AdminContent-c96-VLGL.js                [39m[1m[2m    8.66 kB[22m[1m[22m[2m Γöé gzip:   2.83 kB[22m
[2mdist/[22m[36massets/EmailNotificationPrefsCard-JO5UVM5g.js  [39m[1m[2m    8.82 kB[22m[1m[22m[2m Γöé gzip:   2.87 kB[22m
[2mdist/[22m[36massets/AdminBookings-CgMfzcyV.js               [39m[1m[2m    8.85 kB[22m[1m[22m[2m Γöé gzip:   3.05 kB[22m
[2mdist/[22m[36massets/BlogDetailPage-C2Wl4B1e.js              [39m[1m[2m    9.11 kB[22m[1m[22m[2m Γöé gzip:   2.87 kB[22m
[2mdist/[22m[36massets/AdminDashboard-IJE71HXD.js              [39m[1m[2m    9.17 kB[22m[1m[22m[2m Γöé gzip:   2.61 kB[22m
[2mdist/[22m[36massets/AdminInventory-B3QbyTP1.js              [39m[1m[2m    9.34 kB[22m[1m[22m[2m Γöé gzip:   3.09 kB[22m
[2mdist/[22m[36massets/Events-Bjm5SgIE.js                      [39m[1m[2m    9.38 kB[22m[1m[22m[2m Γöé gzip:   2.97 kB[22m
[2mdist/[22m[36massets/GalleryPage-DEwIiMB5.js                 [39m[1m[2m    9.54 kB[22m[1m[22m[2m Γöé gzip:   3.41 kB[22m
[2mdist/[22m[36massets/UserBookings-ccHEjkXV.js                [39m[1m[2m   11.21 kB[22m[1m[22m[2m Γöé gzip:   3.59 kB[22m
[2mdist/[22m[36massets/UserNotifications-DxiJAHXw.js           [39m[1m[2m   11.52 kB[22m[1m[22m[2m Γöé gzip:   4.34 kB[22m
[2mdist/[22m[36massets/format-BwcsVm1d.js                      [39m[1m[2m   13.06 kB[22m[1m[22m[2m Γöé gzip:   3.48 kB[22m
[2mdist/[22m[36massets/Pujas-Cd_wDB_3.js                       [39m[1m[2m   14.04 kB[22m[1m[22m[2m Γöé gzip:   5.26 kB[22m
[2mdist/[22m[36massets/AdminSettings-BrwdPBZb.js               [39m[1m[2m   14.56 kB[22m[1m[22m[2m Γöé gzip:   4.30 kB[22m
[2mdist/[22m[36massets/ContactPage-mDYob1JP.js                 [39m[1m[2m   15.42 kB[22m[1m[22m[2m Γöé gzip:   5.41 kB[22m
[2mdist/[22m[36massets/UserDashboardHome-BCsuvZPd.js           [39m[1m[2m   16.27 kB[22m[1m[22m[2m Γöé gzip:   4.38 kB[22m
[2mdist/[22m[36massets/AdminUsers-CKPktDVV.js                  [39m[1m[2m   16.39 kB[22m[1m[22m[2m Γöé gzip:   4.90 kB[22m
[2mdist/[22m[36massets/Auth-DH18Ia3i.js                        [39m[1m[2m   18.14 kB[22m[1m[22m[2m Γöé gzip:   4.52 kB[22m
[2mdist/[22m[36massets/AdminAnalytics-C4X0ZnmV.js              [39m[1m[2m   20.31 kB[22m[1m[22m[2m Γöé gzip:   6.83 kB[22m
[2mdist/[22m[36massets/select-BTekwJOF.js                      [39m[1m[2m   21.12 kB[22m[1m[22m[2m Γöé gzip:   7.35 kB[22m
[2mdist/[22m[36massets/purify.es-C5KSVp3G.js                   [39m[1m[2m   22.74 kB[22m[1m[22m[2m Γöé gzip:   8.79 kB[22m
[2mdist/[22m[36massets/DonatePage-ClviqfT6.js                  [39m[1m[2m   27.31 kB[22m[1m[22m[2m Γöé gzip:  10.10 kB[22m
[2mdist/[22m[36massets/AboutPage-Cib4zSck.js                   [39m[1m[2m   30.34 kB[22m[1m[22m[2m Γöé gzip:   6.80 kB[22m
[2mdist/[22m[36massets/EditProfileDialog-CwPVpvmI.js           [39m[1m[2m   32.97 kB[22m[1m[22m[2m Γöé gzip:  12.29 kB[22m
[2mdist/[22m[36massets/calendar-rWyhS86q.js                    [39m[1m[2m   34.32 kB[22m[1m[22m[2m Γöé gzip:  10.89 kB[22m
[2mdist/[22m[36massets/PrivateAreaSEO-BU7D1w1U.js              [39m[1m[2m   36.90 kB[22m[1m[22m[2m Γöé gzip:  10.85 kB[22m
[2mdist/[22m[36massets/types-3c7sL9OC.js                       [39m[1m[2m   53.37 kB[22m[1m[22m[2m Γöé gzip:  12.16 kB[22m
[2mdist/[22m[36massets/MarkdownContent-EHDzTt6P.js             [39m[1m[2m  118.64 kB[22m[1m[22m[2m Γöé gzip:  36.59 kB[22m
[2mdist/[22m[36massets/index.es-CL1aF8Fx.js                    [39m[1m[2m  150.62 kB[22m[1m[22m[2m Γöé gzip:  51.56 kB[22m
[2mdist/[22m[36massets/html2canvas.esm-CBrSDip1.js             [39m[1m[2m  201.42 kB[22m[1m[22m[2m Γöé gzip:  48.03 kB[22m
[2mdist/[22m[36massets/PieChart-BQp7ORus.js                    [39m[1m[2m  411.11 kB[22m[1m[22m[2m Γöé gzip: 110.47 kB[22m
[2mdist/[22m[36massets/jspdf.es.min-CvuOjmZi.js                [39m[1m[2m  414.89 kB[22m[1m[22m[2m Γöé gzip: 135.85 kB[22m
[2mdist/[22m[36massets/LiveDarshanPage-BaDlKEwT.js             [39m[1m[33m  540.86 kB[39m[22m[2m Γöé gzip: 166.92 kB[22m
[2mdist/[22m[36massets/index-DYAkWrc9.js                       [39m[1m[33m  734.87 kB[39m[22m[2m Γöé gzip: 220.69 kB[22m
[33m
(!) Some chunks are larger than 500 kB after minification. Consider:
- Using dynamic import() to code-split the application
- Use build.rollupOptions.output.manualChunks to improve chunking: 
https://rollupjs.org/configuration-options/#output-manualchunks
- Adjust chunk size limit for this warning via 
build.chunkSizeWarningLimit.[39m
[32mΓ£ô built in 1m 15s[39m
